// Jest Snapshot v1, https://goo.gl/fbAQLP

exports[`renders correctly 1`] = `
<div>
  <div
    className="container"
  >
    <div
      className="row"
    >
      <div
        className="col-xs-12 col-md-12 col-lg-12"
      >
        <SearchBar />
      </div>
    </div>
    <GifsGrid />
  </div>
</div>
`;
