// Jest Snapshot v1, https://goo.gl/fbAQLP

exports[`renders correctly 1`] = `
<div
  className="tile-header__container"
>
  <div
    className="title-header__title"
  >
    title
  </div>
</div>
`;
